[boringdice.app/index.html]
[boringdice.app/imgs/favicon/apple-touch-icon.png]
[boringdice.app/imgs/favicon/favicon-32x32.png]
[boringdice.app/imgs/favicon/favicon-16x16.png]
[boringdice.app/imgs/favicon/site.json]
[boringdice.app/imgs/favicon/favicon.ico]
[backblue.gif]
[fade.gif]
[index.html]
[boringdice.app/_next/static/media/Share.671dfa87.jpg]
[boringdice.app/_next/static/css/27cfd2e0b5db3b7a.css]
[boringdice.app/_next/static/css/f913eb9e3cb2ae0a.css]
[boringdice.app/_next/static/chunks/polyfills-42372ed130431b0a.js]
[boringdice.app/_next/static/chunks/webpack-a1b1516fa1ad725e.js]
[boringdice.app/_next/static/chunks/framework-60d272cc2ca54f03.js]
[boringdice.app/_next/static/chunks/pages/_app-586daf091699f859.js]
[boringdice.app/_next/static/chunks/main-ad00a391fa902fe2.js]
[boringdice.app/_next/static/chunks/688-bfcd912b95fc9e59.js]
[boringdice.app/_next/static/BWn_Zf3rcSNi4GW0wCNqg/_buildManifest.js]
[boringdice.app/_next/static/chunks/pages/index-1bd75402bc384d7f.js]
[boringdice.app/_next/static/BWn_Zf3rcSNi4GW0wCNqg/_ssgManifest.js]
[boringdice.app/blog.html]
[boringdice.app/cdn-cgi/l/email-protection.html]
[boringdice.app/privacy-policy.html]
[boringdice.app/cdn-cgi/scripts/5c5dd728/cloudflare-static/email-decode.min.js]
[boringdice.app/index.html]
[boringdice.app/_next/static/css/27cfd2e0b5db3b7a.css]
[boringdice.app/_next/static/css/f913eb9e3cb2ae0a.css]
[boringdice.app/_next/static/css/ac7d0b4f95b4eb52.css]
[boringdice.app/_next/static/chunks/pages/blog-0764938ad0495410.js]
[boringdice.app/blog.html]
[boringdice.app/cdn-cgi/l/email-protection.html]
[boringdice.app/blog/index.html]
[boringdice.app/_next/static/css/222839c1000ff475.css]
[boringdice.app/blog/why-you-need-a-dice-rolling-app/index.html]
[boringdice.app/privacy-policy.html]
[boringdice.app/blog/index.html]
[boringdice.app/_next/static/css/ac7d0b4f95b4eb52.css]
[boringdice.app/_next/static/chunks/pages/privacy-policy-cfa8bbc500d9cf5e.js]
[boringdice.app/privacy-policy/index.html]
[boringdice.app/blog/why-you-need-a-dice-rolling-app.html]
[boringdice.app/_next/static/css/a4351177d04075a2.css]
[boringdice.app/_next/static/chunks/pages/blog/[slug]-6bd0ac2a0614a830.js]
[boringdice.app/blog/why-you-need-a-dice-rolling-app/index.html]
[boringdice.app/privacy-policy/index.html]
[boringdice.app/_next/static/css/222839c1000ff475.css]
[boringdice.app/blog/why-you-need-a-dice-rolling-app.html]
[boringdice.app/_next/static/css/a4351177d04075a2.css]
